C51 COMPILER V9.01   MAIN                                                                  05/20/2022 14:26:57 PAGE 1   


C51 COMPILER V9.01, COMPILATION OF MODULE MAIN
OBJECT MODULE PLACED IN main.OBJ
COMPILER INVOKED BY: D:\YZ\KEILC51\C51\BIN\C51.EXE main.c BROWSE DEBUG OBJECTEXTEND

line level    source

   1          /**************************************************************************************
   2          深圳市普中科技有限公司（PRECHIN 普中）
   3          技术支持：www.prechin.net
   4          
   5          实验名称：IO扩展(串转并)实验-74HC595
   6          接线说明：      
   7          实验现象：下载程序后，8*8LED点阵以一行循环滚动显示
   8          注意事项：LED点阵旁的J24黄色跳线帽短接到GND一端                                                                                                                                                           
   9          ***************************************************************************************/
  10          #include "reg51.h"
  11          
  12          typedef unsigned int u16;       //对系统默认数据类型进行重定义
  13          typedef unsigned char u8;
  14          
  15          //定义74HC595控制管脚
  16          sbit SRCLK=P3^6;        //移位寄存器时钟输入
  17          sbit RCLK=P3^5;         //存储寄存器时钟输入
  18          sbit SER=P3^4;          //串行数据输入
  19          
  20          #define LEDDZ_COL_PORT  P0      //点阵列控制端口
  21          
  22          u8 ghc595_buf[8]={0x01,0x02,0x04,0x08,0x10,0x20,0x40,0x80};
  23          
  24          /*******************************************************************************
  25          * 函 数 名       : delay_10us
  26          * 函数功能               : 延时函数，ten_us=1时，大约延时10us
  27          * 输    入       : ten_us
  28          * 输    出       : 无
  29          *******************************************************************************/
  30          void delay_10us(u16 ten_us)
  31          {
  32   1              while(ten_us--);        
  33   1      }
  34          
  35          /*******************************************************************************
  36          * 函 数 名       : delay_ms
  37          * 函数功能               : ms延时函数，ms=1时，大约延时1ms
  38          * 输    入       : ten_us
  39          * 输    出       : 无
  40          *******************************************************************************/
  41          void delay_ms(u16 ms)
  42          {
  43   1              u16 i,j;
  44   1              for(i=ms;i>0;i--)
  45   1                      for(j=110;j>0;j--);
  46   1      }
  47          
  48          /*******************************************************************************
  49          * 函 数 名         : hc595_write_data(u8 dat)
  50          * 函数功能                 : 向74HC595写入一个字节的数据
  51          * 输    入         : dat：数据
  52          * 输    出         : 无
  53          *******************************************************************************/
  54          void hc595_write_data(u8 dat)
  55          {
C51 COMPILER V9.01   MAIN                                                                  05/20/2022 14:26:57 PAGE 2   

  56   1              u8 i=0;
  57   1              
  58   1              for(i=0;i<8;i++)//循环8次即可将一个字节写入寄存器中
  59   1              {
  60   2                      SER=dat>>7;//优先传输一个字节中的高位
  61   2                      dat<<=1;//将低位移动到高位
  62   2                      SRCLK=0;
  63   2                      delay_10us(1);
  64   2                      SRCLK=1;
  65   2                      delay_10us(1);//移位寄存器时钟上升沿将端口数据送入寄存器中      
  66   2              }
  67   1              RCLK=1;
  68   1              delay_10us(1);
  69   1              RCLK=0;//存储寄存器时钟上升沿将前面写入到寄存器的数据输出       
  70   1      }
  71          
  72          
  73          /*******************************************************************************
  74          * 函 数 名       : main
  75          * 函数功能               : 主函数
  76          * 输    入       : 无
  77          * 输    出       : 无
  78          *******************************************************************************/
  79          void main()
  80          {       
  81   1              u8 i=0;
  82   1      
  83   1              LEDDZ_COL_PORT=0x00;//将LED点阵列全部设置为0，即LED阴极为低电平
  84   1              while(1)
  85   1              {               
  86   2                      for(i=0;i<8;i++)
  87   2                      {       
  88   3                              hc595_write_data(0x00);//消除前面寄存器缓存数据
  89   3                              hc595_write_data(ghc595_buf[i]);//写入新的数据
  90   3                              delay_ms(500);//延时500ms       
  91   3                      }                                                                       
  92   2              }               
  93   1      }


MODULE INFORMATION:   STATIC OVERLAYABLE
   CODE SIZE        =    118    ----
   CONSTANT SIZE    =   ----    ----
   XDATA SIZE       =   ----    ----
   PDATA SIZE       =   ----    ----
   DATA SIZE        =      8    ----
   IDATA SIZE       =   ----    ----
   BIT SIZE         =   ----    ----
END OF MODULE INFORMATION.


C51 COMPILATION COMPLETE.  0 WARNING(S),  0 ERROR(S)
