C51 COMPILER V9.01   MAIN                                                                  05/20/2022 14:31:04 PAGE 1   


C51 COMPILER V9.01, COMPILATION OF MODULE MAIN
OBJECT MODULE PLACED IN main.OBJ
COMPILER INVOKED BY: D:\YZ\KEILC51\C51\BIN\C51.EXE main.c BROWSE DEBUG OBJECTEXTEND

line level    source

   1          /**************************************************************************************
   2          深圳市普中科技有限公司（PRECHIN 普中）
   3          技术支持：www.prechin.net
   4          
   5          实验名称：LED点阵实验(显示图像)
   6          接线说明：      
   7          实验现象：下载程序后，8*8LED点阵显示心形
   8          注意事项：LED点阵旁的J24黄色跳线帽短接到GND一端                                                                                                                                                           
   9          ***************************************************************************************/
  10          #include "reg51.h"
  11          
  12          typedef unsigned int u16;       //对系统默认数据类型进行重定义
  13          typedef unsigned char u8;
  14          
  15          //定义74HC595控制管脚
  16          sbit SRCLK=P3^6;        //移位寄存器时钟输入
  17          sbit RCLK=P3^5;         //存储寄存器时钟输入
  18          sbit SER=P3^4;          //串行数据输入
  19          
  20          #define LEDDZ_COL_PORT  P0      //点阵列控制端口
  21          
  22          u8 gled_row[8]={0x38,0x7C,0x7E,0x3F,0x3F,0x7E,0x7C,0x38};//LED点阵显示图像的行数据
  23          u8 gled_col[8]={0x7f,0xbf,0xdf,0xef,0xf7,0xfb,0xfd,0xfe};//LED点阵显示图像的列数据
  24          
  25          /*******************************************************************************
  26          * 函 数 名       : delay_10us
  27          * 函数功能               : 延时函数，ten_us=1时，大约延时10us
  28          * 输    入       : ten_us
  29          * 输    出       : 无
  30          *******************************************************************************/
  31          void delay_10us(u16 ten_us)
  32          {
  33   1              while(ten_us--);        
  34   1      }
  35          
  36          /*******************************************************************************
  37          * 函 数 名         : hc595_write_data(u8 dat)
  38          * 函数功能                 : 向74HC595写入一个字节的数据
  39          * 输    入         : dat：数据
  40          * 输    出         : 无
  41          *******************************************************************************/
  42          void hc595_write_data(u8 dat)
  43          {
  44   1              u8 i=0;
  45   1              
  46   1              for(i=0;i<8;i++)//循环8次即可将一个字节写入寄存器中
  47   1              {
  48   2                      SER=dat>>7;//优先传输一个字节中的高位
  49   2                      dat<<=1;//将低位移动到高位
  50   2                      SRCLK=0;
  51   2                      delay_10us(1);
  52   2                      SRCLK=1;
  53   2                      delay_10us(1);//移位寄存器时钟上升沿将端口数据送入寄存器中      
  54   2              }
  55   1              RCLK=1;
C51 COMPILER V9.01   MAIN                                                                  05/20/2022 14:31:04 PAGE 2   

  56   1              delay_10us(1);
  57   1              RCLK=0;//存储寄存器时钟上升沿将前面写入到寄存器的数据输出       
  58   1      }
  59          
  60          
  61          /*******************************************************************************
  62          * 函 数 名       : main
  63          * 函数功能               : 主函数
  64          * 输    入       : 无
  65          * 输    出       : 无
  66          *******************************************************************************/
  67          void main()
  68          {       
  69   1              u8 i=0;
  70   1      
  71   1              while(1)
  72   1              {                       
  73   2                      for(i=0;i<8;i++)//循环8次扫描8行、列
  74   2                      {
  75   3                              LEDDZ_COL_PORT=gled_col[i];//传送列选数据
  76   3                              hc595_write_data(gled_row[i]);//传送行选数据
  77   3                              delay_10us(100);//延时一段时间，等待显示稳定
  78   3                              hc595_write_data(0x00);//消影   
  79   3                      }                                                               
  80   2              }               
  81   1      }


MODULE INFORMATION:   STATIC OVERLAYABLE
   CODE SIZE        =     92    ----
   CONSTANT SIZE    =   ----    ----
   XDATA SIZE       =   ----    ----
   PDATA SIZE       =   ----    ----
   DATA SIZE        =     16    ----
   IDATA SIZE       =   ----    ----
   BIT SIZE         =   ----    ----
END OF MODULE INFORMATION.


C51 COMPILATION COMPLETE.  0 WARNING(S),  0 ERROR(S)
